[score] WAR-Paper BTC/USDT h=1 ...
  mean_crps=0.016209  best_non_wgeo=Static (0.016236)  Δ=-0.17%  DM=-0.57 p=0.5669  | DM_r=-0.60 p_r=0.5514
    vs Static        : Δmean=-0.000027 DM=-0.57  p=0.5669
    vs RW-Drift      : Δmean=-0.000027 DM=-0.57  p=0.5669
    vs HS-Bootstrap  : Δmean=-0.000029 DM=-0.62  p=0.5335
    vs GARCH-N       : Δmean=-0.000254 DM=-4.04  p=0.0001
    vs GARCH-t       : Δmean=-0.000969 DM=-11.07  p=0.0000
    vs GJR-GARCH-t   : Δmean=-0.000966 DM=-11.12  p=0.0000
    vs WGeo          : Δmean=-0.000003 DM=-0.67  p=0.5056
    vs WGeo-Gated    : Δmean=+0.000006 DM=+0.19  p=0.8497
    vs WGeo-TheilSen : Δmean=-0.000003 DM=-0.68  p=0.4954
    vs WGeo-EWMA     : Δmean=-0.000003 DM=-0.81  p=0.4176
    vs WGeo-Hetero   : Δmean=-0.000012 DM=-0.41  p=0.6828
    vs WGeo-GARCH-Ens: Δmean=-0.000044 DM=-0.99  p=0.3228
    vs WGeo-Adaptive : Δmean=-0.000029 DM=-0.90  p=0.3697
    vs WGeo-Ensemble : Δmean=+0.000041 DM=+3.62  p=0.0003
[score] WAR-Paper BTC/USDT h=5 ...
  mean_crps=0.037561  best_non_wgeo=Static (0.037367)  Δ=+0.52%  DM=+0.64 p=0.5243  | DM_r=+0.65 p_r=0.5155
    vs Static        : Δmean=+0.000194 DM=+0.64  p=0.5243
    vs RW-Drift      : Δmean=+0.000194 DM=+0.64  p=0.5243
    vs HS-Bootstrap  : Δmean=-0.000004 DM=-0.01  p=0.9891
    vs GARCH-N       : Δmean=-0.000246 DM=-0.76  p=0.4449
    vs GARCH-t       : Δmean=-0.001983 DM=-5.13  p=0.0000
    vs GJR-GARCH-t   : Δmean=-0.001986 DM=-5.18  p=0.0000
    vs WGeo          : Δmean=+0.000424 DM=+1.58  p=0.1151
    vs WGeo-Gated    : Δmean=+0.000333 DM=+1.17  p=0.2418
    vs WGeo-TheilSen : Δmean=+0.000426 DM=+1.58  p=0.1138
    vs WGeo-EWMA     : Δmean=+0.000421 DM=+1.56  p=0.1186
    vs WGeo-Hetero   : Δmean=+0.000228 DM=+0.80  p=0.4224
    vs WGeo-GARCH-Ens: Δmean=+0.000198 DM=+0.72  p=0.4699
    vs WGeo-Adaptive : Δmean=+0.000334 DM=+1.17  p=0.2410
    vs WGeo-Ensemble : Δmean=+0.000500 DM=+1.87  p=0.0611
[score] WAR-Paper BTC/USDT h=21 ...
  mean_crps=0.088117  best_non_wgeo=GARCH-N (0.084848)  Δ=+3.85%  DM=+1.40 p=0.1610  | DM_r=+1.50 p_r=0.1343
    vs Static        : Δmean=+0.002769 DM=+1.20  p=0.2293
    vs RW-Drift      : Δmean=+0.002769 DM=+1.20  p=0.2293
    vs HS-Bootstrap  : Δmean=+0.003059 DM=+1.36  p=0.1730
    vs GARCH-N       : Δmean=+0.003269 DM=+1.40  p=0.1610
    vs GARCH-t       : Δmean=-0.001296 DM=-0.55  p=0.5793
    vs GJR-GARCH-t   : Δmean=-0.001480 DM=-0.63  p=0.5256
    vs WGeo          : Δmean=+0.004804 DM=+1.81  p=0.0706
    vs WGeo-Gated    : Δmean=+0.004084 DM=+1.75  p=0.0810
    vs WGeo-TheilSen : Δmean=+0.004821 DM=+1.81  p=0.0700
    vs WGeo-EWMA     : Δmean=+0.004799 DM=+1.81  p=0.0710
    vs WGeo-Hetero   : Δmean=+0.004433 DM=+1.71  p=0.0876
    vs WGeo-GARCH-Ens: Δmean=+0.004723 DM=+1.94  p=0.0529
    vs WGeo-Adaptive : Δmean=+0.004208 DM=+1.60  p=0.1091
    vs WGeo-Ensemble : Δmean=+0.004958 DM=+1.98  p=0.0479
[score] WAR-Paper ETH/USDT h=1 ...
  mean_crps=0.021783  best_non_wgeo=HS-Bootstrap (0.021893)  Δ=-0.50%  DM=-1.77 p=0.0762  | DM_r=-1.90 p_r=0.0574
    vs Static        : Δmean=-0.000114 DM=-1.82  p=0.0685
    vs RW-Drift      : Δmean=-0.000114 DM=-1.82  p=0.0685
    vs HS-Bootstrap  : Δmean=-0.000110 DM=-1.77  p=0.0762
    vs GARCH-N       : Δmean=-0.000164 DM=-2.07  p=0.0384
    vs GARCH-t       : Δmean=-0.001094 DM=-9.56  p=0.0000
    vs GJR-GARCH-t   : Δmean=-0.001094 DM=-9.55  p=0.0000
    vs WGeo          : Δmean=-0.000010 DM=-1.97  p=0.0488
    vs WGeo-Gated    : Δmean=-0.000010 DM=-0.24  p=0.8118
    vs WGeo-TheilSen : Δmean=-0.000009 DM=-2.01  p=0.0445
    vs WGeo-EWMA     : Δmean=-0.000009 DM=-1.80  p=0.0713
    vs WGeo-Hetero   : Δmean=-0.000100 DM=-2.11  p=0.0345
    vs WGeo-GARCH-Ens: Δmean=-0.000019 DM=-0.32  p=0.7473
    vs WGeo-Adaptive : Δmean=-0.000062 DM=-1.40  p=0.1618
    vs WGeo-Ensemble : Δmean=+0.000044 DM=+3.06  p=0.0022
[score] WAR-Paper ETH/USDT h=5 ...
  mean_crps=0.049880  best_non_wgeo=Static (0.049834)  Δ=+0.09%  DM=+0.12 p=0.9062  | DM_r=+0.13 p_r=0.9000
    vs Static        : Δmean=+0.000046 DM=+0.12  p=0.9062
    vs RW-Drift      : Δmean=+0.000046 DM=+0.12  p=0.9062
    vs HS-Bootstrap  : Δmean=-0.000164 DM=-0.42  p=0.6753
    vs GARCH-N       : Δmean=-0.000487 DM=-1.24  p=0.2159
    vs GARCH-t       : Δmean=-0.002633 DM=-4.81  p=0.0000
    vs GJR-GARCH-t   : Δmean=-0.002637 DM=-4.87  p=0.0000
    vs WGeo          : Δmean=+0.000566 DM=+1.67  p=0.0943
    vs WGeo-Gated    : Δmean=+0.000334 DM=+0.95  p=0.3396
    vs WGeo-TheilSen : Δmean=+0.000576 DM=+1.71  p=0.0882
    vs WGeo-EWMA     : Δmean=+0.000571 DM=+1.68  p=0.0921
    vs WGeo-Hetero   : Δmean=-0.000120 DM=-0.33  p=0.7411
    vs WGeo-GARCH-Ens: Δmean=-0.000014 DM=-0.04  p=0.9700
    vs WGeo-Adaptive : Δmean=+0.000274 DM=+0.74  p=0.4614
    vs WGeo-Ensemble : Δmean=+0.000625 DM=+1.88  p=0.0605
[score] WAR-Paper ETH/USDT h=21 ...
  mean_crps=0.114697  best_non_wgeo=GARCH-N (0.112970)  Δ=+1.53%  DM=+0.61 p=0.5427  | DM_r=+0.70 p_r=0.4830
    vs Static        : Δmean=+0.000997 DM=+0.34  p=0.7332
    vs RW-Drift      : Δmean=+0.000997 DM=+0.34  p=0.7332
    vs HS-Bootstrap  : Δmean=+0.001332 DM=+0.47  p=0.6412
    vs GARCH-N       : Δmean=+0.001727 DM=+0.61  p=0.5427
    vs GARCH-t       : Δmean=-0.002918 DM=-0.82  p=0.4117
    vs GJR-GARCH-t   : Δmean=-0.002758 DM=-0.79  p=0.4306
    vs WGeo          : Δmean=+0.005243 DM=+1.52  p=0.1277
    vs WGeo-Gated    : Δmean=+0.002779 DM=+0.95  p=0.3431
    vs WGeo-TheilSen : Δmean=+0.005293 DM=+1.54  p=0.1237
    vs WGeo-EWMA     : Δmean=+0.005220 DM=+1.52  p=0.1297
    vs WGeo-Hetero   : Δmean=+0.004191 DM=+1.24  p=0.2167
    vs WGeo-GARCH-Ens: Δmean=+0.004367 DM=+1.34  p=0.1801
    vs WGeo-Adaptive : Δmean=+0.004533 DM=+1.29  p=0.1961
    vs WGeo-Ensemble : Δmean=+0.004881 DM=+1.52  p=0.1296
[score] WAR-Paper SOL/USDT h=1 ...
  mean_crps=0.025080  best_non_wgeo=Static (0.025075)  Δ=+0.02%  DM=+0.05 p=0.9612  | DM_r=+0.05 p_r=0.9579
    vs Static        : Δmean=+0.000005 DM=+0.05  p=0.9612
    vs RW-Drift      : Δmean=+0.000005 DM=+0.05  p=0.9612
    vs HS-Bootstrap  : Δmean=+0.000004 DM=+0.04  p=0.9658
    vs GARCH-N       : Δmean=-0.000139 DM=-1.12  p=0.2618
    vs GARCH-t       : Δmean=-0.000439 DM=-3.18  p=0.0015
    vs GJR-GARCH-t   : Δmean=-0.000441 DM=-3.20  p=0.0014
    vs WGeo          : Δmean=-0.000014 DM=-1.95  p=0.0512
    vs WGeo-Gated    : Δmean=+0.000040 DM=+0.62  p=0.5368
    vs WGeo-TheilSen : Δmean=-0.000014 DM=-1.98  p=0.0482
    vs WGeo-EWMA     : Δmean=-0.000014 DM=-1.85  p=0.0647
    vs WGeo-Hetero   : Δmean=-0.000088 DM=-1.50  p=0.1348
    vs WGeo-GARCH-Ens: Δmean=-0.000021 DM=-0.25  p=0.8047
    vs WGeo-Adaptive : Δmean=-0.000100 DM=-1.50  p=0.1342
    vs WGeo-Ensemble : Δmean=+0.000050 DM=+2.29  p=0.0223
[score] WAR-Paper SOL/USDT h=5 ...
  mean_crps=0.058179  best_non_wgeo=Static (0.057622)  Δ=+0.97%  DM=+0.82 p=0.4144  | DM_r=+0.91 p_r=0.3619
    vs Static        : Δmean=+0.000557 DM=+0.82  p=0.4144
    vs RW-Drift      : Δmean=+0.000557 DM=+0.82  p=0.4144
    vs HS-Bootstrap  : Δmean=+0.000055 DM=+0.07  p=0.9406
    vs GARCH-N       : Δmean=-0.000117 DM=-0.16  p=0.8712
    vs GARCH-t       : Δmean=-0.000696 DM=-0.96  p=0.3356
    vs GJR-GARCH-t   : Δmean=-0.000699 DM=-0.97  p=0.3306
    vs WGeo          : Δmean=+0.000987 DM=+2.22  p=0.0266
    vs WGeo-Gated    : Δmean=+0.000771 DM=+1.40  p=0.1610
    vs WGeo-TheilSen : Δmean=+0.000993 DM=+2.23  p=0.0256
    vs WGeo-EWMA     : Δmean=+0.000980 DM=+2.20  p=0.0277
    vs WGeo-Hetero   : Δmean=+0.000519 DM=+1.14  p=0.2563
    vs WGeo-GARCH-Ens: Δmean=+0.000480 DM=+0.88  p=0.3794
    vs WGeo-Adaptive : Δmean=+0.000813 DM=+1.56  p=0.1199
    vs WGeo-Ensemble : Δmean=+0.001026 DM=+2.17  p=0.0298
[score] WAR-Paper SOL/USDT h=21 ...
  mean_crps=0.136314  best_non_wgeo=GARCH-N (0.133568)  Δ=+2.06%  DM=+0.49 p=0.6246  | DM_r=+0.65 p_r=0.5153
    vs Static        : Δmean=+0.001908 DM=+0.34  p=0.7360
    vs RW-Drift      : Δmean=+0.001908 DM=+0.34  p=0.7360
    vs HS-Bootstrap  : Δmean=+0.000949 DM=+0.16  p=0.8699
    vs GARCH-N       : Δmean=+0.002747 DM=+0.49  p=0.6246
    vs GARCH-t       : Δmean=+0.002405 DM=+0.46  p=0.6441
    vs GJR-GARCH-t   : Δmean=+0.002268 DM=+0.44  p=0.6608
    vs WGeo          : Δmean=+0.006797 DM=+1.47  p=0.1418
    vs WGeo-Gated    : Δmean=+0.004528 DM=+0.91  p=0.3652
    vs WGeo-TheilSen : Δmean=+0.006867 DM=+1.49  p=0.1366
    vs WGeo-EWMA     : Δmean=+0.006886 DM=+1.49  p=0.1369
    vs WGeo-Hetero   : Δmean=+0.006047 DM=+1.28  p=0.2016
    vs WGeo-GARCH-Ens: Δmean=+0.004397 DM=+0.91  p=0.3605
    vs WGeo-Adaptive : Δmean=+0.007052 DM=+1.44  p=0.1510
    vs WGeo-Ensemble : Δmean=+0.006482 DM=+1.38  p=0.1675
[score] WAR-Paper BNB/USDT h=1 ...
  mean_crps=0.020207  best_non_wgeo=GARCH-N (0.020199)  Δ=+0.04%  DM=+0.09 p=0.9278  | DM_r=+0.14 p_r=0.8899
    vs Static        : Δmean=-0.000132 DM=-1.96  p=0.0500
    vs RW-Drift      : Δmean=-0.000132 DM=-1.96  p=0.0500
    vs HS-Bootstrap  : Δmean=-0.000124 DM=-1.88  p=0.0603
    vs GARCH-N       : Δmean=+0.000009 DM=+0.09  p=0.9278
    vs GARCH-t       : Δmean=-0.000558 DM=-5.16  p=0.0000
    vs GJR-GARCH-t   : Δmean=-0.000576 DM=-5.31  p=0.0000
    vs WGeo          : Δmean=-0.000000 DM=-0.07  p=0.9444
    vs WGeo-Gated    : Δmean=+0.000017 DM=+0.39  p=0.6999
    vs WGeo-TheilSen : Δmean=-0.000000 DM=-0.02  p=0.9828
    vs WGeo-EWMA     : Δmean=+0.000001 DM=+0.10  p=0.9228
    vs WGeo-Hetero   : Δmean=-0.000069 DM=-0.90  p=0.3665
    vs WGeo-GARCH-Ens: Δmean=+0.000042 DM=+0.53  p=0.5932
    vs WGeo-Adaptive : Δmean=+0.000016 DM=+0.32  p=0.7518
    vs WGeo-Ensemble : Δmean=+0.000063 DM=+4.09  p=0.0000
[score] WAR-Paper BNB/USDT h=5 ...
  mean_crps=0.046284  best_non_wgeo=Static (0.046297)  Δ=-0.03%  DM=-0.04 p=0.9719  | DM_r=-0.04 p_r=0.9693
    vs Static        : Δmean=-0.000013 DM=-0.04  p=0.9719
    vs RW-Drift      : Δmean=-0.000013 DM=-0.04  p=0.9719
    vs HS-Bootstrap  : Δmean=-0.000574 DM=-1.60  p=0.1090
    vs GARCH-N       : Δmean=-0.000191 DM=-0.52  p=0.6050
    vs GARCH-t       : Δmean=-0.001635 DM=-3.96  p=0.0001
    vs GJR-GARCH-t   : Δmean=-0.001628 DM=-3.98  p=0.0001
    vs WGeo          : Δmean=+0.000354 DM=+1.26  p=0.2068
    vs WGeo-Gated    : Δmean=+0.000307 DM=+1.00  p=0.3196
    vs WGeo-TheilSen : Δmean=+0.000361 DM=+1.28  p=0.1993
    vs WGeo-EWMA     : Δmean=+0.000368 DM=+1.31  p=0.1898
    vs WGeo-Hetero   : Δmean=-0.000312 DM=-0.88  p=0.3773
    vs WGeo-GARCH-Ens: Δmean=+0.000176 DM=+0.52  p=0.6001
    vs WGeo-Adaptive : Δmean=+0.000386 DM=+1.28  p=0.2013
    vs WGeo-Ensemble : Δmean=+0.000502 DM=+1.81  p=0.0703
[score] WAR-Paper BNB/USDT h=21 ...
  mean_crps=0.105162  best_non_wgeo=Static (0.105553)  Δ=-0.37%  DM=-0.15 p=0.8775  | DM_r=-0.16 p_r=0.8692
    vs Static        : Δmean=-0.000390 DM=-0.15  p=0.8775
    vs RW-Drift      : Δmean=-0.000390 DM=-0.15  p=0.8775
    vs HS-Bootstrap  : Δmean=-0.001593 DM=-0.67  p=0.5025
    vs GARCH-N       : Δmean=-0.000433 DM=-0.18  p=0.8606
    vs GARCH-t       : Δmean=-0.004782 DM=-1.92  p=0.0552
    vs GJR-GARCH-t   : Δmean=-0.004880 DM=-1.99  p=0.0468
    vs WGeo          : Δmean=+0.002168 DM=+0.74  p=0.4591
    vs WGeo-Gated    : Δmean=+0.001315 DM=+0.51  p=0.6122
    vs WGeo-TheilSen : Δmean=+0.002201 DM=+0.75  p=0.4526
    vs WGeo-EWMA     : Δmean=+0.002195 DM=+0.75  p=0.4535
    vs WGeo-Hetero   : Δmean=-0.000122 DM=-0.04  p=0.9673
    vs WGeo-GARCH-Ens: Δmean=+0.001229 DM=+0.45  p=0.6510
    vs WGeo-Adaptive : Δmean=+0.001944 DM=+0.65  p=0.5145
    vs WGeo-Ensemble : Δmean=+0.002543 DM=+0.93  p=0.3543
[score] WAR-Paper XRP/USDT h=1 ...
  mean_crps=0.024424  best_non_wgeo=HS-Bootstrap (0.024548)  Δ=-0.51%  DM=-1.54 p=0.1231  | DM_r=-1.72 p_r=0.0853
    vs Static        : Δmean=-0.000143 DM=-1.74  p=0.0815
    vs RW-Drift      : Δmean=-0.000143 DM=-1.74  p=0.0815
    vs HS-Bootstrap  : Δmean=-0.000124 DM=-1.54  p=0.1231
    vs GARCH-N       : Δmean=-0.000273 DM=-2.14  p=0.0323
    vs GARCH-t       : Δmean=-0.001442 DM=-8.67  p=0.0000
    vs GJR-GARCH-t   : Δmean=-0.001449 DM=-8.58  p=0.0000
    vs WGeo          : Δmean=-0.000010 DM=-1.66  p=0.0976
    vs WGeo-Gated    : Δmean=+0.000021 DM=+0.40  p=0.6865
    vs WGeo-TheilSen : Δmean=-0.000010 DM=-1.71  p=0.0877
    vs WGeo-EWMA     : Δmean=-0.000009 DM=-1.42  p=0.1562
    vs WGeo-Hetero   : Δmean=-0.000145 DM=-1.51  p=0.1312
    vs WGeo-GARCH-Ens: Δmean=+0.000025 DM=+0.25  p=0.8045
    vs WGeo-Adaptive : Δmean=+0.000024 DM=+0.38  p=0.7053
    vs WGeo-Ensemble : Δmean=+0.000065 DM=+3.91  p=0.0001
[score] WAR-Paper XRP/USDT h=5 ...
  mean_crps=0.056134  best_non_wgeo=Static (0.056199)  Δ=-0.12%  DM=-0.15 p=0.8819  | DM_r=-0.16 p_r=0.8729
    vs Static        : Δmean=-0.000066 DM=-0.15  p=0.8819
    vs RW-Drift      : Δmean=-0.000066 DM=-0.15  p=0.8819
    vs HS-Bootstrap  : Δmean=-0.000608 DM=-1.36  p=0.1732
    vs GARCH-N       : Δmean=-0.001125 DM=-2.13  p=0.0334
    vs GARCH-t       : Δmean=-0.004205 DM=-6.19  p=0.0000
    vs GJR-GARCH-t   : Δmean=-0.004078 DM=-5.94  p=0.0000
    vs WGeo          : Δmean=+0.000630 DM=+2.33  p=0.0197
    vs WGeo-Gated    : Δmean=+0.000537 DM=+1.55  p=0.1219
    vs WGeo-TheilSen : Δmean=+0.000631 DM=+2.34  p=0.0195
    vs WGeo-EWMA     : Δmean=+0.000651 DM=+2.41  p=0.0161
    vs WGeo-Hetero   : Δmean=-0.000103 DM=-0.24  p=0.8129
    vs WGeo-GARCH-Ens: Δmean=+0.000191 DM=+0.45  p=0.6509
    vs WGeo-Adaptive : Δmean=+0.000693 DM=+1.97  p=0.0486
    vs WGeo-Ensemble : Δmean=+0.000745 DM=+2.62  p=0.0087
[score] WAR-Paper XRP/USDT h=21 ...
  mean_crps=0.135479  best_non_wgeo=Static (0.132709)  Δ=+2.09%  DM=+0.96 p=0.3358  | DM_r=+1.04 p_r=0.2988
    vs Static        : Δmean=+0.002770 DM=+0.96  p=0.3358
    vs RW-Drift      : Δmean=+0.002770 DM=+0.96  p=0.3358
    vs HS-Bootstrap  : Δmean=+0.002201 DM=+0.76  p=0.4460
    vs GARCH-N       : Δmean=-0.000995 DM=-0.32  p=0.7466
    vs GARCH-t       : Δmean=-0.008908 DM=-2.52  p=0.0117
    vs GJR-GARCH-t   : Δmean=-0.008021 DM=-2.27  p=0.0230
    vs WGeo          : Δmean=+0.006260 DM=+2.35  p=0.0186
    vs WGeo-Gated    : Δmean=+0.004977 DM=+1.82  p=0.0687
    vs WGeo-TheilSen : Δmean=+0.006329 DM=+2.39  p=0.0169
    vs WGeo-EWMA     : Δmean=+0.006343 DM=+2.39  p=0.0170
    vs WGeo-Hetero   : Δmean=+0.002598 DM=+0.90  p=0.3704
    vs WGeo-GARCH-Ens: Δmean=+0.003305 DM=+1.14  p=0.2534
    vs WGeo-Adaptive : Δmean=+0.005909 DM=+2.01  p=0.0444
    vs WGeo-Ensemble : Δmean=+0.006376 DM=+2.41  p=0.0161

[score] WAR-Paper: vanilla DM 0/15 cells p<0.05; residualised DM 0/15 cells p<0.05.

  symbol  h    n  mean_crps best_baseline  baseline_crps      Δ%      DM      p    DM_r    p_r
BTC/USDT  1 2470     0.0162        Static         0.0162 -0.1675 -0.5727 0.5669 -0.5957 0.5514
BTC/USDT  5 2466     0.0376        Static         0.0374  0.5192  0.6368 0.5243  0.6503 0.5155
BTC/USDT 21 2450     0.0881       GARCH-N         0.0848  3.8524  1.4016 0.1610  1.4972 0.1343
ETH/USDT  1 2470     0.0218  HS-Bootstrap         0.0219 -0.5017 -1.7731 0.0762 -1.9005 0.0574
ETH/USDT  5 2466     0.0499        Static         0.0498  0.0922  0.1178 0.9062  0.1257 0.9000
ETH/USDT 21 2450     0.1147       GARCH-N         0.1130  1.5288  0.6087 0.5427  0.7015 0.4830
SOL/USDT  1 1380     0.0251        Static         0.0251  0.0189  0.0486 0.9612  0.0528 0.9579
SOL/USDT  5 1376     0.0582        Static         0.0576  0.9668  0.8162 0.4144  0.9117 0.3619
SOL/USDT 21 1360     0.1363       GARCH-N         0.1336  2.0565  0.4894 0.6246  0.6505 0.5153
BNB/USDT  1 2389     0.0202       GARCH-N         0.0202  0.0425  0.0907 0.9278  0.1384 0.8899
BNB/USDT  5 2385     0.0463        Static         0.0463 -0.0273 -0.0352 0.9719 -0.0385 0.9693
BNB/USDT 21 2369     0.1052        Static         0.1056 -0.3699 -0.1542 0.8775 -0.1647 0.8692
XRP/USDT  1 2210     0.0244  HS-Bootstrap         0.0245 -0.5063 -1.5417 0.1231 -1.7205 0.0853
XRP/USDT  5 2206     0.0561        Static         0.0562 -0.1169 -0.1485 0.8819 -0.1600 0.8729
XRP/USDT 21 2190     0.1355        Static         0.1327  2.0874  0.9625 0.3358  1.0389 0.2988
